Diagnose log at 2026-09-05T14:56:22Z

AppPath: C:\Program Files\Git\Git\mingw64\bin\git-credential-manager.exe
InstallDir: C:\Program Files\Git\Git\mingw64\bin\
Version: 2.9.1+6760f0ef069c994aa2bb1d703fb374986ee82a3e

------------
Diagnostic: Environment
Skipped: False
Success: True
Exception: None
Log:
OSType: Windows
OSVersion: 10.0 (build 22631)
Reading environment variables... OK
 Variables:
SESSIONNAME=Console
ProgramFiles(x86)=C:\Program Files (x86)
MSYSTEM=MINGW64
ProgramW6432=C:\Program Files
windir=C:\WINDOWS
PROCESSOR_IDENTIFIER=AMD64 Family 23 Model 104 Stepping 1, AuthenticAMD
VBOX_MSI_INSTALL_PATH=C:\Program Files\Oracle\VirtualBox\
TMP=C:\Users\Egor\AppData\Local\Temp
PROCESSOR_ARCHITECTURE=AMD64
VSCODE_GIT_ASKPASS_MAIN=c:\Users\Egor\AppData\Roaming\Code\User\globalStorage\vscode.git\askpass\70789581cae28aa7\askpass-main.js
Path=C:/Program Files/Git/Git/mingw64/libexec/git-core;C:\Program Files\Git\Git\mingw64\bin;C:\Program Files\Git\Git\usr\bin;C:\Users\Egor\bin;C:\Program Files (x86)\NVIDIA Corporation\PhysX\Common;C:\Program Files\Axiom\AxiomJDK-24\bin\;D:\WMWare\bin\;C:\Program Files\Common Files\Oracle\Java\javapath;C:\Program Files\Zulu\zulu-21\bin\;C:\Program Files\BellSoft\LibericaJDK-11-Full\bin\;C:\Program Files\Microsoft MPI\Bin\;C:\Program Files (x86)\Common Files\Oracle\Java\javapath;C:\WINDOWS\system32;C:\WINDOWS;C:\WINDOWS\System32\Wbem;C:\WINDOWS\System32\WindowsPowerShell\v1.0\;C:\WINDOWS\System32\OpenSSH\;C:\Program Files\dotnet\;C:\Program Files\ACE Studio;C:\Program Files (x86)\Microsoft SQL Server\160\Tools\Binn\;C:\Program Files\Microsoft SQL Server\160\Tools\Binn\;C:\Program Files\Microsoft SQL Server\Client SDK\ODBC\170\Tools\Binn\;C:\Program Files\Microsoft SQL Server\160\DTS\Binn\;D:\Ampps\php;C:\Program Files\Microsoft SQL Server\150\Tools\Binn\;D:\EDT\components\1c-enterprise-ring-0.11.10+2-x86_64;C:\Program Files (x86)\ZeroTier\One\;C:\Program Files\nodejs\;C:\Program Files\PuTTY\;C:\Program Files\Git\Git\cmd;C:\Users\Egor\AppData\Local\Microsoft\WindowsApps;C:\Users\Egor\AppData\Local\Programs\Microsoft VS Code\bin;C:\Users\Egor\AppData\Local\Python\bin;C:\Users\Egor\AppData\Roaming\npm
USERPROFILE=C:\Users\Egor
VSCODE_GIT_IPC_HANDLE=\\.\pipe\vscode-git-2949ad48d8-sock
PROCESSOR_REVISION=6801
TEMP=C:\Users\Egor\AppData\Local\Temp
FPS_BROWSER_APP_PROFILE_STRING=Internet Explorer
FPS_BROWSER_USER_PROFILE_STRING=Default
LOGONSERVER=\\LAPTOP-EGOR
TERM=xterm-256color
USERNAME=Egor
SystemRoot=C:\WINDOWS
CHROME_CRASHPAD_PIPE_NAME=\\.\pipe\crashpad_11284_TIFYWGJTJXRSZHVZ
GIT_EXEC_PATH=C:/Program Files/Git/Git/mingw64/libexec/git-core
PLINK_PROTOCOL=ssh
MSMPI_BIN=C:\Program Files\Microsoft MPI\Bin\
OneDrive=C:\Users\Egor\OneDrive
USERDOMAIN_ROAMINGPROFILE=LAPTOP-EGOR
POLYNOM_INSTALL_PATH=D:\Компас\Libs\PolynomLib\
CommonProgramFiles=C:\Program Files\Common Files
VSCODE_INJECTION=1
VSCODE_PYTHON_AUTOACTIVATE_GUARD=1
ProgramData=C:\ProgramData
LANG=en_US.UTF-8
GIT_ASKPASS=c:\Users\Egor\AppData\Roaming\Code\User\globalStorage\vscode.git\askpass\70789581cae28aa7\askpass.sh
HOMEPATH=\Users\Egor
COMPUTERNAME=LAPTOP-EGOR
ALLUSERSPROFILE=C:\ProgramData
CommonProgramW6432=C:\Program Files\Common Files
EFC_12152=1
asl.log=Destination=file
DriverData=C:\Windows\System32\Drivers\DriverData
PGDATA=D:\Компас\Libs\PolynomLib\Templates\LocalBase\data
MSMPI_BENCHMARKS=C:\Program Files\Microsoft MPI\Benchmarks\
GIT_TRACE2_PARENT_SID=99efadee-0e89-4d34-8930-a40065bcf95c
SystemDrive=C:
NUMBER_OF_PROCESSORS=12
OS=Windows_NT
ProgramFiles=C:\Program Files
ComSpec=C:\WINDOWS\system32\cmd.exe
HOMEDRIVE=C:
PATHEXT=.COM;.EXE;.BAT;.CMD;.VBS;.VBE;.JS;.JSE;.WSF;.WSH;.MSC;.CPL
HOME=C:\Users\Egor
JAVA_HOME=C:\Program Files\Axiom\AxiomJDK-24\
PSModulePath=C:\Users\Egor\Documents\WindowsPowerShell\Modules;C:\Program Files\WindowsPowerShell\Modules;C:\WINDOWS\system32\WindowsPowerShell\v1.0\Modules;C:\Program Files (x86)\Microsoft SQL Server\160\Tools\PowerShell\Modules\
TMPDIR=C:\Users\Egor\AppData\Local\Temp
APPDATA=C:\Users\Egor\AppData\Roaming
USERDOMAIN=LAPTOP-EGOR
PROCESSOR_LEVEL=23
ACE_STUDIO_PATH=C:\Program Files\ACE Studio
LOCALAPPDATA=C:\Users\Egor\AppData\Local
ASCON_POLYNOM_LIBRARY=1
VSCODE_GIT_ASKPASS_NODE=C:\Users\Egor\AppData\Local\Programs\Microsoft VS Code\Code.exe
TERM_PROGRAM_VERSION=1.136.1
CommonProgramFiles(x86)=C:\Program Files (x86)\Common Files
COLORTERM=truecolor
PUBLIC=C:\Users\Public
TERM_PROGRAM=vscode
VSCODE_GIT_ASKPASS_EXTRA_ARGS=


------------
Diagnostic: File system
Skipped: False
Success: True
Exception: None
Log:
Temporary directory is 'C:\Users\Egor\AppData\Local\Temp\'...
Checking basic file I/O...
Writing to temporary file 'C:\Users\Egor\AppData\Local\Temp\02764df0874bdc055b1141c7'... OK
Reading from temporary file 'C:\Users\Egor\AppData\Local\Temp\02764df0874bdc055b1141c7'... OK
Deleting temporary file 'C:\Users\Egor\AppData\Local\Temp\02764df0874bdc055b1141c7'... OK
Testing IFileSystem instance...
UserHomePath: C:\Users\Egor
UserDataDirectoryPath: C:\Users\Egor\.gcm
GetCurrentDirectory(): D:\SiteMediatorYurist

------------
Diagnostic: Networking
Skipped: False
Success: True
Exception: None
Log:
Checking networking and HTTP stack...
Creating HTTP client... OK
IsNetworkAvailable: True
Sending HEAD request to http://example.com... OK
Sending HEAD request to https://example.com... OK
Acquiring free TCP port... OK
Testing local HTTP loopback connections...
Creating new HTTP listener for http://localhost:62931/... OK
Waiting for loopback connection... OK
Writing response... OK
Waiting for response data... OK
Loopback connection data OK

------------
Diagnostic: Git
Skipped: False
Success: True
Exception: None
Log:
Getting Git version... OK
Git version is '2.55.0.windows.5'
Locating current repository...Git repository at 'D:/SiteMediatorYurist/.git'
 OK
Listing all Git configuration... OK
Git configuration:
file:C:/Program Files/Git/Git/etc/gitconfig	diff.astextplain.textconv=astextplain
file:C:/Program Files/Git/Git/etc/gitconfig	filter.lfs.clean=git-lfs clean -- %f
file:C:/Program Files/Git/Git/etc/gitconfig	filter.lfs.smudge=git-lfs smudge -- %f
file:C:/Program Files/Git/Git/etc/gitconfig	filter.lfs.process=git-lfs filter-process
file:C:/Program Files/Git/Git/etc/gitconfig	filter.lfs.required=true
file:C:/Program Files/Git/Git/etc/gitconfig	http.sslbackend=schannel
file:C:/Program Files/Git/Git/etc/gitconfig	core.autocrlf=true
file:C:/Program Files/Git/Git/etc/gitconfig	core.fscache=true
file:C:/Program Files/Git/Git/etc/gitconfig	core.symlinks=false
file:C:/Program Files/Git/Git/etc/gitconfig	pull.rebase=false
file:C:/Program Files/Git/Git/etc/gitconfig	credential.helper=manager
file:C:/Program Files/Git/Git/etc/gitconfig	credential.https://dev.azure.com.usehttppath=true
file:C:/Program Files/Git/Git/etc/gitconfig	init.defaultbranch=master
file:C:/Users/Egor/.gitconfig	user.email=devidcool218@gmail.com
file:C:/Users/Egor/.gitconfig	user.name=Egor
file:C:/Users/Egor/.gitconfig	http.sslverify=true
file:C:/Users/Egor/.gitconfig	http.sslbackend=openssl
file:C:/Users/Egor/.gitconfig	core.editor="C:\Users\Egor\AppData\Local\Programs\Microsoft VS Code\bin\code" --wait
file:C:/Users/Egor/.gitconfig	credential.helper=manager
file:.git/config	core.repositoryformatversion=0
file:.git/config	core.filemode=false
file:.git/config	core.bare=false
file:.git/config	core.logallrefupdates=true
file:.git/config	core.symlinks=false
file:.git/config	core.ignorecase=true
file:.git/config	remote.origin.url=https://github.com/cloudgore/mediatoryuristsite.git
file:.git/config	remote.origin.fetch=+refs/heads/*:refs/remotes/origin/*


------------
Diagnostic: Credential storage
Skipped: False
Success: True
Exception: None
Log:
ICredentialStore instance is of type: CredentialStore
Writing test credential... OK
Reading test credential... OK
Deleting test credential... OK

------------
Diagnostic: Microsoft authentication (AAD/MSA)
Skipped: False
Success: True
Exception: None
Log:
Broker is not enabled.
Gathering MSAL token cache data... OK
CacheDirectory: C:\Users\Egor\AppData\Local\.IdentityService
CacheFileName: msal.cache
CacheFilePath: C:\Users\Egor\AppData\Local\.IdentityService\msal.cache
Creating cache helper... OK
Verifying MSAL token cache persistence... OK

------------
Diagnostic: GitHub API
Skipped: False
Success: False
Exception:
System.Net.Http.HttpRequestException: Произошла ошибка при отправке запроса. ---> System.Net.WebException: Базовое соединение закрыто: Не удалось установить доверительные отношения для защищенного канала SSL/TLS. ---> System.Security.Authentication.AuthenticationException: Удаленный сертификат недействителен согласно результатам проверки подлинности.
   в System.Net.TlsStream.EndWrite(IAsyncResult asyncResult)
   в System.Net.ConnectStream.WriteHeadersCallback(IAsyncResult ar)
   --- Конец трассировки внутреннего стека исключений ---
   в System.Net.HttpWebRequest.EndGetResponse(IAsyncResult asyncResult)
   в System.Net.Http.HttpClientHandler.GetResponseCallback(IAsyncResult ar)
   --- Конец трассировки внутреннего стека исключений ---
   в System.Runtime.ExceptionServices.ExceptionDispatchInfo.Throw()
   в System.Runtime.CompilerServices.TaskAwaiter.HandleNonSuccessAndDebuggerNotification(Task task)
   в GitHub.GitHubRestApi.<GetMetaInfoAsync>d__5.MoveNext()
--- Конец трассировка стека из предыдущего расположения, где возникло исключение ---
   в System.Runtime.ExceptionServices.ExceptionDispatchInfo.Throw()
   в System.Runtime.CompilerServices.TaskAwaiter.HandleNonSuccessAndDebuggerNotification(Task task)
   в GitHub.Diagnostics.GitHubApiDiagnostic.<RunInternalAsync>d__2.MoveNext()
--- Конец трассировка стека из предыдущего расположения, где возникло исключение ---
   в System.Runtime.ExceptionServices.ExceptionDispatchInfo.Throw()
   в System.Runtime.CompilerServices.TaskAwaiter.HandleNonSuccessAndDebuggerNotification(Task task)
   в GitCredentialManager.Diagnostics.Diagnostic.<RunAsync>d__6.MoveNext()
Log:
Using 'https://github.com/' as API target.
Querying '/meta' endpoint...
